// Jest Snapshot v1, https://goo.gl/fbAQLP

exports[`renders homepage unchanged 1`] = `
<div>
  <div
    class="page"
  >
    <a
      href="/api/auth/signout"
    >
      signout
    </a>
  </div>
</div>
`;
